// Jest Snapshot v1, https://goo.gl/fbAQLP

exports[`getSiteMetadata return siteMetadata 1`] = `
{
  "author": "Different B. Author",
  "businessName": "The Different Company",
  "email": "different-email@email.com",
  "phone": "111-111-1111",
  "siteUrl": "https://www.different.com",
  "title": "Different",
}
`;
