// Jest Snapshot v1, https://goo.gl/fbAQLP

exports[`GlossaryIndex default renders correctly 1`] = `
<DocumentFragment>
  <article
    class="container"
  >
    <div
      class="is-centered"
    >
      <section
        class="gloss-section-wrapper"
      >
        <h2
          class="title-two"
          id="A"
        >
          A
        </h2>
        <div
          data-testid="definition-card"
        >
          <div
            class="card mb-5"
          >
            <div
              class="card-content"
            >
              <div
                class="media"
              >
                <div
                  class="media-content"
                >
                  <div
                    class="level"
                  >
                    <div
                      class="level-left"
                    >
                      <div
                        class="level-item"
                      >
                        <h3
                          class="title-three"
                          id="air"
                        >
                          Air
                        </h3>
                      </div>
                    </div>
                    <div
                      class="level-right"
                    >
                      <div
                        class="centered-level"
                      >
                        <div>
                          <p
                            class="heading"
                          >
                            Syllables
                          </p>
                          <p
                            class="subheading"
                          >
                            a·ban·don
                          </p>
                        </div>
                      </div>
                      <div
                        class="centered-level"
                      >
                        <div>
                          <p
                            class="heading"
                          >
                            Phonetics
                          </p>
                          <p
                            class="subheading"
                          >
                            əˈbandən
                          </p>
                        </div>
                      </div>
                    </div>
                  </div>
                </div>
              </div>
              <div
                class="content"
              >
                <div
                  class="container"
                >
                  <h3>
                    Definition
                  </h3>
                  <p>
                    Lemon drops pastry danish halvah. Lemon drops pastry danish halvah.
                  </p>
                </div>
              </div>
              <div
                class="content"
              >
                <div
                  class="level"
                >
                  <div
                    class="justified-left-level"
                  >
                    <div>
                      <h4>
                        Similar Words:
                      </h4>
                      <ol>
                        <li>
                          <a
                            href="#/blog/test"
                          >
                            /blog/test
                          </a>
                        </li>
                        <li>
                          <a
                            href="#/wiki/test"
                          >
                            /wiki/test
                          </a>
                        </li>
                      </ol>
                    </div>
                  </div>
                  <div
                    class="justified-left-level"
                  >
                    <div>
                      <h4>
                        RelatedPosts:
                      </h4>
                      <ol>
                        <li>
                          <a
                            href="/blog/test1"
                          >
                            BlogPost
                          </a>
                        </li>
                        <li>
                          <a
                            href="/wiki/test1"
                          >
                            WikiPost
                          </a>
                        </li>
                      </ol>
                    </div>
                  </div>
                </div>
              </div>
              <div
                class="card-footer"
              >
                <p
                  class="definition-card-tag-title"
                >
                  Tags:
                </p>
                <div
                  class="tags"
                >
                  <a
                    class="definition-card-tag"
                    href="?tag=two"
                  >
                    two
                  </a>
                  <a
                    class="definition-card-tag"
                    href="?tag=three"
                  >
                    three
                  </a>
                </div>
              </div>
            </div>
          </div>
        </div>
        <div
          data-testid="definition-card"
        >
          <div
            class="card mb-5"
          >
            <div
              class="card-content"
            >
              <div
                class="media"
              >
                <div
                  class="media-content"
                >
                  <div
                    class="level"
                  >
                    <div
                      class="level-left"
                    >
                      <div
                        class="level-item"
                      >
                        <h3
                          class="title-three"
                          id="atom"
                        >
                          Atom
                        </h3>
                      </div>
                    </div>
                    <div
                      class="level-right"
                    >
                      <div
                        class="centered-level"
                      >
                        <div>
                          <p
                            class="heading"
                          >
                            Syllables
                          </p>
                          <p
                            class="subheading"
                          >
                            a·ban·don
                          </p>
                        </div>
                      </div>
                      <div
                        class="centered-level"
                      >
                        <div>
                          <p
                            class="heading"
                          >
                            Phonetics
                          </p>
                          <p
                            class="subheading"
                          >
                            əˈbandən
                          </p>
                        </div>
                      </div>
                    </div>
                  </div>
                </div>
              </div>
              <div
                class="content"
              >
                <div
                  class="container"
                >
                  <h3>
                    Definition
                  </h3>
                  <p>
                    Lemon drops pastry danish halvah. Lemon drops pastry danish halvah.
                  </p>
                </div>
              </div>
              <div
                class="content"
              >
                <div
                  class="level"
                >
                  <div
                    class="justified-left-level"
                  >
                    <div>
                      <h4>
                        Similar Words:
                      </h4>
                      <ol>
                        <li>
                          <a
                            href="#/blog/test"
                          >
                            /blog/test
                          </a>
                        </li>
                        <li>
                          <a
                            href="#/wiki/test"
                          >
                            /wiki/test
                          </a>
                        </li>
                      </ol>
                    </div>
                  </div>
                  <div
                    class="justified-left-level"
                  >
                    <div>
                      <h4>
                        RelatedPosts:
                      </h4>
                      <ol>
                        <li>
                          <a
                            href="/blog/test1"
                          >
                            BlogPost
                          </a>
                        </li>
                        <li>
                          <a
                            href="/wiki/test1"
                          >
                            WikiPost
                          </a>
                        </li>
                      </ol>
                    </div>
                  </div>
                </div>
              </div>
              <div
                class="card-footer"
              >
                <p
                  class="definition-card-tag-title"
                >
                  Tags:
                </p>
                <div
                  class="tags"
                >
                  <a
                    class="definition-card-tag"
                    href="?tag=two"
                  >
                    two
                  </a>
                  <a
                    class="definition-card-tag"
                    href="?tag=one"
                  >
                    one
                  </a>
                </div>
              </div>
            </div>
          </div>
        </div>
      </section>
      <section
        class="gloss-section-wrapper"
      >
        <h2
          class="title-two"
          id="C"
        >
          C
        </h2>
        <div
          data-testid="definition-card"
        >
          <div
            class="card mb-5"
          >
            <div
              class="card-content"
            >
              <div
                class="media"
              >
                <div
                  class="media-content"
                >
                  <div
                    class="level"
                  >
                    <div
                      class="level-left"
                    >
                      <div
                        class="level-item"
                      >
                        <h3
                          class="title-three"
                          id="cloud"
                        >
                          Cloud
                        </h3>
                      </div>
                    </div>
                    <div
                      class="level-right"
                    >
                      <div
                        class="centered-level"
                      >
                        <div>
                          <p
                            class="heading"
                          >
                            Syllables
                          </p>
                          <p
                            class="subheading"
                          >
                            a·ban·don
                          </p>
                        </div>
                      </div>
                      <div
                        class="centered-level"
                      >
                        <div>
                          <p
                            class="heading"
                          >
                            Phonetics
                          </p>
                          <p
                            class="subheading"
                          >
                            əˈbandən
                          </p>
                        </div>
                      </div>
                    </div>
                  </div>
                </div>
              </div>
              <div
                class="content"
              >
                <div
                  class="container"
                >
                  <h3>
                    Definition
                  </h3>
                  <p>
                    Lemon drops pastry danish halvah. Lemon drops pastry danish halvah.
                  </p>
                </div>
              </div>
              <div
                class="content"
              >
                <div
                  class="level"
                >
                  <div
                    class="justified-left-level"
                  >
                    <div>
                      <h4>
                        Similar Words:
                      </h4>
                      <ol>
                        <li>
                          <a
                            href="#/blog/test"
                          >
                            /blog/test
                          </a>
                        </li>
                        <li>
                          <a
                            href="#/wiki/test"
                          >
                            /wiki/test
                          </a>
                        </li>
                      </ol>
                    </div>
                  </div>
                  <div
                    class="justified-left-level"
                  >
                    <div>
                      <h4>
                        RelatedPosts:
                      </h4>
                      <ol>
                        <li>
                          <a
                            href="/blog/test1"
                          >
                            BlogPost
                          </a>
                        </li>
                        <li>
                          <a
                            href="/wiki/test1"
                          >
                            WikiPost
                          </a>
                        </li>
                      </ol>
                    </div>
                  </div>
                </div>
              </div>
              <div
                class="card-footer"
              >
                <p
                  class="definition-card-tag-title"
                >
                  Tags:
                </p>
                <div
                  class="tags"
                >
                  <a
                    class="definition-card-tag"
                    href="?tag=two"
                  >
                    two
                  </a>
                  <a
                    class="definition-card-tag"
                    href="?tag=one"
                  >
                    one
                  </a>
                </div>
              </div>
            </div>
          </div>
        </div>
      </section>
      <section
        class="gloss-section-wrapper"
      >
        <h2
          class="title-two"
          id="M"
        >
          M
        </h2>
        <div
          data-testid="definition-card"
        >
          <div
            class="card mb-5"
          >
            <div
              class="card-content"
            >
              <div
                class="media"
              >
                <div
                  class="media-content"
                >
                  <div
                    class="level"
                  >
                    <div
                      class="level-left"
                    >
                      <div
                        class="level-item"
                      >
                        <h3
                          class="title-three"
                          id="moon"
                        >
                          Moon
                        </h3>
                      </div>
                    </div>
                    <div
                      class="level-right"
                    >
                      <div
                        class="centered-level"
                      >
                        <div>
                          <p
                            class="heading"
                          >
                            Syllables
                          </p>
                          <p
                            class="subheading"
                          >
                            a·ban·don
                          </p>
                        </div>
                      </div>
                      <div
                        class="centered-level"
                      >
                        <div>
                          <p
                            class="heading"
                          >
                            Phonetics
                          </p>
                          <p
                            class="subheading"
                          >
                            əˈbandən
                          </p>
                        </div>
                      </div>
                    </div>
                  </div>
                </div>
              </div>
              <div
                class="content"
              >
                <div
                  class="container"
                >
                  <h3>
                    Definition
                  </h3>
                  <p>
                    Lemon drops pastry danish halvah. Lemon drops pastry danish halvah.
                  </p>
                </div>
              </div>
              <div
                class="content"
              >
                <div
                  class="level"
                >
                  <div
                    class="justified-left-level"
                  >
                    <div>
                      <h4>
                        Similar Words:
                      </h4>
                      <ol>
                        <li>
                          <a
                            href="#/blog/test"
                          >
                            /blog/test
                          </a>
                        </li>
                        <li>
                          <a
                            href="#/wiki/test"
                          >
                            /wiki/test
                          </a>
                        </li>
                      </ol>
                    </div>
                  </div>
                  <div
                    class="justified-left-level"
                  >
                    <div>
                      <h4>
                        RelatedPosts:
                      </h4>
                      <ol>
                        <li>
                          <a
                            href="/blog/test1"
                          >
                            BlogPost
                          </a>
                        </li>
                        <li>
                          <a
                            href="/wiki/test1"
                          >
                            WikiPost
                          </a>
                        </li>
                      </ol>
                    </div>
                  </div>
                </div>
              </div>
              <div
                class="card-footer"
              >
                <p
                  class="definition-card-tag-title"
                >
                  Tags:
                </p>
                <div
                  class="tags"
                >
                  <a
                    class="definition-card-tag"
                    href="?tag=two"
                  >
                    two
                  </a>
                </div>
              </div>
            </div>
          </div>
        </div>
      </section>
      <section
        class="gloss-section-wrapper"
      >
        <h2
          class="title-two"
          id="W"
        >
          W
        </h2>
        <div
          data-testid="definition-card"
        >
          <div
            class="card mb-5"
          >
            <div
              class="card-content"
            >
              <div
                class="media"
              >
                <div
                  class="media-content"
                >
                  <div
                    class="level"
                  >
                    <div
                      class="level-left"
                    >
                      <div
                        class="level-item"
                      >
                        <h3
                          class="title-three"
                          id="window"
                        >
                          Window
                        </h3>
                      </div>
                    </div>
                    <div
                      class="level-right"
                    >
                      <div
                        class="centered-level"
                      >
                        <div>
                          <p
                            class="heading"
                          >
                            Syllables
                          </p>
                          <p
                            class="subheading"
                          >
                            a·ban·don
                          </p>
                        </div>
                      </div>
                      <div
                        class="centered-level"
                      >
                        <div>
                          <p
                            class="heading"
                          >
                            Phonetics
                          </p>
                          <p
                            class="subheading"
                          >
                            əˈbandən
                          </p>
                        </div>
                      </div>
                    </div>
                  </div>
                </div>
              </div>
              <div
                class="content"
              >
                <div
                  class="container"
                >
                  <h3>
                    Definition
                  </h3>
                  <p>
                    Lemon drops pastry danish halvah. Lemon drops pastry danish halvah.
                  </p>
                </div>
              </div>
              <div
                class="content"
              >
                <div
                  class="level"
                >
                  <div
                    class="justified-left-level"
                  >
                    <div>
                      <h4>
                        Similar Words:
                      </h4>
                      <ol>
                        <li>
                          <a
                            href="#/blog/test"
                          >
                            /blog/test
                          </a>
                        </li>
                        <li>
                          <a
                            href="#/wiki/test1"
                          >
                            /wiki/test1
                          </a>
                        </li>
                      </ol>
                    </div>
                  </div>
                  <div
                    class="justified-left-level"
                  >
                    <div>
                      <h4>
                        RelatedPosts:
                      </h4>
                      <ol />
                    </div>
                  </div>
                </div>
              </div>
              <div
                class="card-footer"
              >
                <p
                  class="definition-card-tag-title"
                >
                  Tags:
                </p>
                <div
                  class="tags"
                >
                  <a
                    class="definition-card-tag"
                    href="?tag=three"
                  >
                    three
                  </a>
                </div>
              </div>
            </div>
          </div>
        </div>
      </section>
    </div>
  </article>
</DocumentFragment>
`;

exports[`GlossaryIndex default renders correctly with no results 1`] = `
<DocumentFragment>
  <article
    class="container"
  >
    <div
      class="is-centered"
    >
      <h2
        class="title-three"
      >
        No results
      </h2>
    </div>
  </article>
</DocumentFragment>
`;
