// Jest Snapshot v1, https://goo.gl/fbAQLP

exports[`PostIndex default renders and load btn works correctly 1`] = `
<DocumentFragment>
  <article
    class="section"
  >
    <section
      class="post-index-wrapper"
    >
      <div
        class="post-index-cards-wrapper"
      >
        <div
          class="post-index-card-wrapper"
          data-testid="post-card"
        >
          <div
            class="card"
          >
            <div
              class="card-image"
            >
              <a
                class="post-card-main-tag"
                href="?tag=two"
                id="two"
              >
                two
              </a>
              <figure
                class="post-card-image"
              >
                <img
                  alt="Placeholder image"
                  src="https://bulma.io/images/placeholders/1280x960.png"
                />
              </figure>
            </div>
            <div
              class="card-content"
            >
              <div
                class="media"
              >
                <div
                  class="media-content"
                >
                  <p
                    class="title-four"
                  >
                    Baking Tutorial
                  </p>
                  <p
                    class="subtitle-six"
                  >
                    <time
                      datetime="3-2-2021"
                    >
                      3-2-2021
                    </time>
                  </p>
                </div>
              </div>
              <div
                class="content"
              >
                <p>
                  a baking tutorial
                </p>
                <a
                  href="/blog/baking-tutorial/"
                >
                  Read more...
                </a>
              </div>
              <div
                class="card-footer"
              >
                <p
                  class="post-card-tag-title"
                >
                  Tags:
                </p>
                <div
                  class="tags"
                >
                  <a
                    class="post-card-tag"
                    href="?tag=three"
                    id="three"
                  >
                    three
                  </a>
                </div>
              </div>
            </div>
          </div>
        </div>
        <div
          class="post-index-card-wrapper"
          data-testid="post-card"
        >
          <div
            class="card"
          >
            <div
              class="card-image"
            >
              <a
                class="post-card-main-tag"
                href="?tag=one"
                id="one"
              >
                one
              </a>
              <figure
                class="post-card-image"
              >
                <img
                  alt="Placeholder image"
                  src="https://bulma.io/images/placeholders/1280x960.png"
                />
              </figure>
            </div>
            <div
              class="card-content"
            >
              <div
                class="media"
              >
                <div
                  class="media-content"
                >
                  <p
                    class="title-four"
                  >
                    10 Best Things
                  </p>
                  <p
                    class="subtitle-six"
                  >
                    <time
                      datetime="2-2-2021"
                    >
                      2-2-2021
                    </time>
                  </p>
                </div>
              </div>
              <div
                class="content"
              >
                <p>
                  a list of the ten best things
                </p>
                <a
                  href="/blog/ten-best-things/"
                >
                  Read more...
                </a>
              </div>
              <div
                class="card-footer"
              >
                <p
                  class="post-card-tag-title"
                >
                  Tags:
                </p>
                <div
                  class="tags"
                >
                  <a
                    class="post-card-tag"
                    href="?tag=two"
                    id="two"
                  >
                    two
                  </a>
                  <a
                    class="post-card-tag"
                    href="?tag=three"
                    id="three"
                  >
                    three
                  </a>
                </div>
              </div>
            </div>
          </div>
        </div>
      </div>
      <div
        class="post-index-load-more-wrapper"
      >
        <button
          class="post-index-load-more"
        >
          Load more...
        </button>
      </div>
    </section>
  </article>
</DocumentFragment>
`;
