// Jest Snapshot v1, https://goo.gl/fbAQLP

exports[`GlossaryIndex default renders correctly 1`] = `
<DocumentFragment>
  <article
    class="section"
  >
    <section
      class="container"
    >
      <div
        class="is-centered"
      >
        <section
          class="section"
        >
          <h2
            class="title is-size-2"
            id="A"
          >
            A
          </h2>
          <div
            class=""
            data-testid="definition-card"
          >
            <div
              class="card"
            >
              <div
                class="card-content"
              >
                <div
                  class="media"
                >
                  <div
                    class="media-content"
                  >
                    <div
                      class="level"
                    >
                      <div
                        class="level-left"
                      >
                        <div
                          class="level-item"
                        >
                          <h3
                            class="title is-3"
                            id="air"
                          >
                            Air
                          </h3>
                        </div>
                      </div>
                      <div
                        class="level-right"
                      >
                        <div
                          class="level-item has-text-centered"
                        >
                          <div>
                            <p
                              class="heading"
                            >
                              Syllables
                            </p>
                            <p
                              class="subheading"
                            >
                              a·ban·don
                            </p>
                          </div>
                        </div>
                        <div
                          class="level-item has-text-centered"
                        >
                          <div>
                            <p
                              class="heading"
                            >
                              Phonetics
                            </p>
                            <p
                              class="subheading"
                            >
                              əˈbandən
                            </p>
                          </div>
                        </div>
                      </div>
                    </div>
                  </div>
                </div>
                <div
                  class="content"
                >
                  <div
                    class="container"
                  >
                    <h3>
                      Definition
                    </h3>
                    <p>
                      Lemon drops pastry danish halvah. Lemon drops pastry danish halvah.
                    </p>
                  </div>
                </div>
                <div
                  class="content"
                >
                  <h4>
                    Similar Words: 
                  </h4>
                  <ol>
                    <li>
                      <a
                        class=""
                        href="#/blog/test"
                      >
                        /blog/test
                      </a>
                    </li>
                    <li>
                      <a
                        class=""
                        href="#/wiki/test"
                      >
                        /wiki/test
                      </a>
                    </li>
                  </ol>
                </div>
              </div>
              <div
                class="card-footer"
              >
                <p
                  class="mt-2 ml-2 mr-2"
                >
                  Tags:
                </p>
                <div
                  class="tags"
                >
                  <a
                    class="tag mt-2 is-success is-light"
                    href="?tag=two"
                    id="two"
                  >
                    two
                  </a>
                  <a
                    class="tag mt-2 is-success is-light"
                    href="?tag=three"
                    id="three"
                  >
                    three
                  </a>
                </div>
              </div>
            </div>
          </div>
          <div
            class=""
            data-testid="definition-card"
          >
            <div
              class="card"
            >
              <div
                class="card-content"
              >
                <div
                  class="media"
                >
                  <div
                    class="media-content"
                  >
                    <div
                      class="level"
                    >
                      <div
                        class="level-left"
                      >
                        <div
                          class="level-item"
                        >
                          <h3
                            class="title is-3"
                            id="atom"
                          >
                            Atom
                          </h3>
                        </div>
                      </div>
                      <div
                        class="level-right"
                      >
                        <div
                          class="level-item has-text-centered"
                        >
                          <div>
                            <p
                              class="heading"
                            >
                              Syllables
                            </p>
                            <p
                              class="subheading"
                            >
                              a·ban·don
                            </p>
                          </div>
                        </div>
                        <div
                          class="level-item has-text-centered"
                        >
                          <div>
                            <p
                              class="heading"
                            >
                              Phonetics
                            </p>
                            <p
                              class="subheading"
                            >
                              əˈbandən
                            </p>
                          </div>
                        </div>
                      </div>
                    </div>
                  </div>
                </div>
                <div
                  class="content"
                >
                  <div
                    class="container"
                  >
                    <h3>
                      Definition
                    </h3>
                    <p>
                      Lemon drops pastry danish halvah. Lemon drops pastry danish halvah.
                    </p>
                  </div>
                </div>
                <div
                  class="content"
                >
                  <h4>
                    Similar Words: 
                  </h4>
                  <ol>
                    <li>
                      <a
                        class=""
                        href="#/blog/test"
                      >
                        /blog/test
                      </a>
                    </li>
                    <li>
                      <a
                        class=""
                        href="#/wiki/test"
                      >
                        /wiki/test
                      </a>
                    </li>
                  </ol>
                </div>
              </div>
              <div
                class="card-footer"
              >
                <p
                  class="mt-2 ml-2 mr-2"
                >
                  Tags:
                </p>
                <div
                  class="tags"
                >
                  <a
                    class="tag mt-2 is-success is-light"
                    href="?tag=two"
                    id="two"
                  >
                    two
                  </a>
                  <a
                    class="tag mt-2 is-success is-light"
                    href="?tag=one"
                    id="one"
                  >
                    one
                  </a>
                </div>
              </div>
            </div>
          </div>
        </section>
        <section
          class="section"
        >
          <h2
            class="title is-size-2"
            id="C"
          >
            C
          </h2>
          <div
            class=""
            data-testid="definition-card"
          >
            <div
              class="card"
            >
              <div
                class="card-content"
              >
                <div
                  class="media"
                >
                  <div
                    class="media-content"
                  >
                    <div
                      class="level"
                    >
                      <div
                        class="level-left"
                      >
                        <div
                          class="level-item"
                        >
                          <h3
                            class="title is-3"
                            id="cloud"
                          >
                            Cloud
                          </h3>
                        </div>
                      </div>
                      <div
                        class="level-right"
                      >
                        <div
                          class="level-item has-text-centered"
                        >
                          <div>
                            <p
                              class="heading"
                            >
                              Syllables
                            </p>
                            <p
                              class="subheading"
                            >
                              a·ban·don
                            </p>
                          </div>
                        </div>
                        <div
                          class="level-item has-text-centered"
                        >
                          <div>
                            <p
                              class="heading"
                            >
                              Phonetics
                            </p>
                            <p
                              class="subheading"
                            >
                              əˈbandən
                            </p>
                          </div>
                        </div>
                      </div>
                    </div>
                  </div>
                </div>
                <div
                  class="content"
                >
                  <div
                    class="container"
                  >
                    <h3>
                      Definition
                    </h3>
                    <p>
                      Lemon drops pastry danish halvah. Lemon drops pastry danish halvah.
                    </p>
                  </div>
                </div>
                <div
                  class="content"
                >
                  <h4>
                    Similar Words: 
                  </h4>
                  <ol>
                    <li>
                      <a
                        class=""
                        href="#/blog/test"
                      >
                        /blog/test
                      </a>
                    </li>
                    <li>
                      <a
                        class=""
                        href="#/wiki/test"
                      >
                        /wiki/test
                      </a>
                    </li>
                  </ol>
                </div>
              </div>
              <div
                class="card-footer"
              >
                <p
                  class="mt-2 ml-2 mr-2"
                >
                  Tags:
                </p>
                <div
                  class="tags"
                >
                  <a
                    class="tag mt-2 is-success is-light"
                    href="?tag=two"
                    id="two"
                  >
                    two
                  </a>
                  <a
                    class="tag mt-2 is-success is-light"
                    href="?tag=one"
                    id="one"
                  >
                    one
                  </a>
                </div>
              </div>
            </div>
          </div>
        </section>
        <section
          class="section"
        >
          <h2
            class="title is-size-2"
            id="M"
          >
            M
          </h2>
          <div
            class=""
            data-testid="definition-card"
          >
            <div
              class="card"
            >
              <div
                class="card-content"
              >
                <div
                  class="media"
                >
                  <div
                    class="media-content"
                  >
                    <div
                      class="level"
                    >
                      <div
                        class="level-left"
                      >
                        <div
                          class="level-item"
                        >
                          <h3
                            class="title is-3"
                            id="moon"
                          >
                            Moon
                          </h3>
                        </div>
                      </div>
                      <div
                        class="level-right"
                      >
                        <div
                          class="level-item has-text-centered"
                        >
                          <div>
                            <p
                              class="heading"
                            >
                              Syllables
                            </p>
                            <p
                              class="subheading"
                            >
                              a·ban·don
                            </p>
                          </div>
                        </div>
                        <div
                          class="level-item has-text-centered"
                        >
                          <div>
                            <p
                              class="heading"
                            >
                              Phonetics
                            </p>
                            <p
                              class="subheading"
                            >
                              əˈbandən
                            </p>
                          </div>
                        </div>
                      </div>
                    </div>
                  </div>
                </div>
                <div
                  class="content"
                >
                  <div
                    class="container"
                  >
                    <h3>
                      Definition
                    </h3>
                    <p>
                      Lemon drops pastry danish halvah. Lemon drops pastry danish halvah.
                    </p>
                  </div>
                </div>
                <div
                  class="content"
                >
                  <h4>
                    Similar Words: 
                  </h4>
                  <ol>
                    <li>
                      <a
                        class=""
                        href="#/blog/test"
                      >
                        /blog/test
                      </a>
                    </li>
                    <li>
                      <a
                        class=""
                        href="#/wiki/test"
                      >
                        /wiki/test
                      </a>
                    </li>
                  </ol>
                </div>
              </div>
              <div
                class="card-footer"
              >
                <p
                  class="mt-2 ml-2 mr-2"
                >
                  Tags:
                </p>
                <div
                  class="tags"
                >
                  <a
                    class="tag mt-2 is-success is-light"
                    href="?tag=two"
                    id="two"
                  >
                    two
                  </a>
                </div>
              </div>
            </div>
          </div>
        </section>
        <section
          class="section"
        >
          <h2
            class="title is-size-2"
            id="W"
          >
            W
          </h2>
          <div
            class=""
            data-testid="definition-card"
          >
            <div
              class="card"
            >
              <div
                class="card-content"
              >
                <div
                  class="media"
                >
                  <div
                    class="media-content"
                  >
                    <div
                      class="level"
                    >
                      <div
                        class="level-left"
                      >
                        <div
                          class="level-item"
                        >
                          <h3
                            class="title is-3"
                            id="window"
                          >
                            Window
                          </h3>
                        </div>
                      </div>
                      <div
                        class="level-right"
                      >
                        <div
                          class="level-item has-text-centered"
                        >
                          <div>
                            <p
                              class="heading"
                            >
                              Syllables
                            </p>
                            <p
                              class="subheading"
                            >
                              a·ban·don
                            </p>
                          </div>
                        </div>
                        <div
                          class="level-item has-text-centered"
                        >
                          <div>
                            <p
                              class="heading"
                            >
                              Phonetics
                            </p>
                            <p
                              class="subheading"
                            >
                              əˈbandən
                            </p>
                          </div>
                        </div>
                      </div>
                    </div>
                  </div>
                </div>
                <div
                  class="content"
                >
                  <div
                    class="container"
                  >
                    <h3>
                      Definition
                    </h3>
                    <p>
                      Lemon drops pastry danish halvah. Lemon drops pastry danish halvah.
                    </p>
                  </div>
                </div>
                <div
                  class="content"
                >
                  <h4>
                    Similar Words: 
                  </h4>
                  <ol>
                    <li>
                      <a
                        class=""
                        href="#/blog/test"
                      >
                        /blog/test
                      </a>
                    </li>
                    <li>
                      <a
                        class=""
                        href="#/wiki/test1"
                      >
                        /wiki/test1
                      </a>
                    </li>
                  </ol>
                </div>
              </div>
              <div
                class="card-footer"
              >
                <p
                  class="mt-2 ml-2 mr-2"
                >
                  Tags:
                </p>
                <div
                  class="tags"
                >
                  <a
                    class="tag mt-2 is-success is-light"
                    href="?tag=three"
                    id="three"
                  >
                    three
                  </a>
                </div>
              </div>
            </div>
          </div>
        </section>
      </div>
    </section>
  </article>
</DocumentFragment>
`;

exports[`GlossaryIndex default renders correctly with no results 1`] = `
<DocumentFragment>
  <article
    class="section"
  >
    <section
      class="container"
    >
      <div
        class="is-centered"
      >
        <div>
          No results
        </div>
      </div>
    </section>
  </article>
</DocumentFragment>
`;
