// Jest Snapshot v1, https://goo.gl/fbAQLP

exports[`NavBar renders correctly 1`] = `
<DocumentFragment>
  <nav
    aria-label="main navigation"
    class="navbar is-primary"
    role="navigation"
  >
    <div
      class="navbar-brand"
    >
      <a
        class="navbar-item"
        href="/"
      >
        <img
          alt="Logo"
          data-cy="nav-link-logo"
          layout="constrained"
          placeholder="blurred"
          src="../images/bulma-logo-white.png"
        />
      </a>
      <button
        aria-expanded="false"
        aria-label="menu"
        class="navbar-burger "
        data-cy="nav-hamburger"
        data-testid="siteNav"
      >
        <span
          aria-hidden="true"
        />
        <span
          aria-hidden="true"
        />
        <span
          aria-hidden="true"
        />
      </button>
    </div>
    <div
      class="navbar-menu "
      id="siteNav"
    >
      <div
        class="navbar-start"
      >
        <a
          class="navbar-item"
          data-cy="nav-link-home"
          href="/"
        >
          Home
        </a>
        <a
          class="navbar-item"
          data-cy="nav-link-blog"
          href="/blog"
        >
          Blog
        </a>
        <a
          class="navbar-item"
          data-cy="nav-link-wiki"
          href="/wiki"
        >
          Wiki
        </a>
        <a
          class="navbar-item"
          data-cy="nav-link-glossary"
          href="/glossary"
        >
          Glossary
        </a>
      </div>
    </div>
  </nav>
</DocumentFragment>
`;
